// Jest Snapshot v1, https://goo.gl/fbAQLP

exports[`Components : Race : Press Container renders correctly 1`] = `
<div
  className="container"
>
  <span>
    this is a child
  </span>
</div>
`;
