// Jest Snapshot v1, https://goo.gl/fbAQLP

exports[`Components : Race : Header Hero renders correctly 1`] = `
<div
  className="hero"
>
  <div
    className="container container"
  >
    <div
      className="full"
    >
      <div
        className="row"
      >
        <div
          className="col colSmall4 colMedium4 colLarge7 paddingRightSmall8 paddingRightMedium0 paddingRightLarge32"
        >
          <h2
            className="hero-header header"
          >
            COVID-19 is affecting Black, Indigenous, Latinx, and other people of color the most.
          </h2>
          <p
            className="hero-text text"
          >
            The COVID Racial Data Tracker is a collaboration between the COVID Tracking Project and the Boston University Center for Antiracist Research. Together, we’re gathering the most complete and up-to-date race and ethnicity data on COVID-19 in the United States.
          </p>
        </div>
        <div
          className="col colSmall4 colMedium2 colLarge5"
        >
          <div
            className="image gatsby-image-wrapper"
            style={
              Object {
                "maxHeight": null,
                "maxWidth": null,
                "overflow": "hidden",
                "position": "relative",
              }
            }
          >
            <div
              aria-hidden={true}
              style={
                Object {
                  "paddingBottom": "76.92307692307692%",
                  "width": "100%",
                }
              }
            />
            <img
              alt=""
              aria-hidden={true}
              src="[SVG]"
              style={
                Object {
                  "height": "100%",
                  "left": 0,
                  "objectFit": "cover",
                  "objectPosition": "center",
                  "opacity": 1,
                  "position": "absolute",
                  "top": 0,
                  "transitionDelay": "500ms",
                  "width": "100%",
                }
              }
            />
            <picture>
              <source
                sizes="(max-width: 1200px) 100vw, 1200px"
                srcSet="/srcset"
              />
              <img
                alt=""
                loading="lazy"
                onLoad={[Function]}
                sizes="(max-width: 1200px) 100vw, 1200px"
                src="/static/filepath/crdt-landing-header.png"
                srcSet="/srcset"
                style={
                  Object {
                    "height": "100%",
                    "left": 0,
                    "objectFit": "cover",
                    "objectPosition": "center",
                    "opacity": 0,
                    "position": "absolute",
                    "top": 0,
                    "transition": "opacity 500ms",
                    "width": "100%",
                  }
                }
              />
            </picture>
            <noscript
              dangerouslySetInnerHTML={
                Object {
                  "__html": "<picture><source srcset=\\"/srcset\\" sizes=\\"(max-width: 1200px) 100vw, 1200px\\" /><img loading=\\"lazy\\" sizes=\\"(max-width: 1200px) 100vw, 1200px\\" srcset=\\"/srcset\\" src=\\"/static/filepath/crdt-landing-header.png\\" alt=\\"\\" style=\\"position:absolute;top:0;left:0;opacity:1;width:100%;height:100%;object-fit:cover;object-position:center\\"/></picture>",
                }
              }
            />
          </div>
          <span
            className="credit"
          >
            Júlia Ledur / COVID Tracking Project
          </span>
        </div>
      </div>
    </div>
  </div>
</div>
`;
